// Jest Snapshot v1, https://goo.gl/fbAQLP

exports[`Product details Should render a table 1`] = `
<app-product-calc
  __ngContext__={[Function LRootView]}
  count={[Function Number]}
  onCountChange={[Function EventEmitter_]}
>
  <div
    class="card product-calc p-4"
  >
    <div
      class="row"
    >
      <div
        class="col"
      >
        Price, $
      </div>
      <div
        class="col-4 text-end"
      >
        56.5
      </div>
    </div>
    <div
      class="row align-items-center"
    >
      <div
        class="col"
      >
        Count
      </div>
      <div
        class="col-4"
      >
        <input
          class="form-control form-control-sm"
          max="10"
          min="0"
          type="number"
        />
      </div>
    </div>
    <div
      class="row"
    >
      <div
        class="col"
      >
        <b>
          Total price, $
        </b>
      </div>
      <div
        class="col-4 text-end"
      >
        56.50
      </div>
    </div>
  </div>
</app-product-calc>
`;
