// Jest Snapshot v1, https://goo.gl/fbAQLP

exports[`Product details Should show book's content instead the spinner after data is loaded: with content 1`] = `
<app-product-detail
  __ngContext__={[Function LRootView]}
  book={[Function Book]}
  catalog={[Function Object]}
  cdRef={[Function ViewRef]}
  paramsSub={[Function Subscriber]}
  route={[Function Object]}
>
  <div
    class="row"
  >
    <div
      class="col-md-8"
    >
      <app-product-info>
        <div
          class="card p-4"
        >
          <div
            class="row"
          >
            <div
              class="col-6"
            >
              <img
                alt="Apuntes de Javascript I - Nivel Intermedio"
                class="d-block mx-auto"
                src="https://jsbooks.revolunet.com/img/cover-apuntes-javascript-intermedio.png"
              />
            </div>
            <div
              class="col-6"
            >
              <span
                class="badge bg-info mb-3"
              >
                Intermediate
              </span>
              <h2>
                Apuntes de Javascript I - Nivel Intermedio
              </h2>
              <span
                class="text-secondary"
              >
                JuanMa Garrido
              </span>
              <p
                class="tags mt-3"
              >
                <span
                  class="badge bg-secondary"
                >
                   core 
                </span>
              </p>
            </div>
          </div>
          <div
            class="row mt-3"
          >
            <div
              class="col-6"
            >
              <p>
                 En Castellano) Revision de conceptos (actuales) de javascript desde basicos hasta un nivel intermedio 
              </p>
            </div>
          </div>
        </div>
      </app-product-info>
    </div>
    <div
      class="col-md-4 mb-5"
    >
      <app-product-calc>
        <div
          class="card product-calc p-4"
        >
          <div
            class="row"
          >
            <div
              class="col"
            >
              Price, $
            </div>
            <div
              class="col-4 text-end"
            >
              56.95
            </div>
          </div>
          <div
            class="row align-items-center"
          >
            <div
              class="col"
            >
              Count
            </div>
            <div
              class="col-4"
            >
              <input
                class="form-control form-control-sm"
                type="number"
              />
            </div>
          </div>
          <div
            class="row"
          >
            <div
              class="col"
            >
              <b>
                Total price, $
              </b>
            </div>
            <div
              class="col-4 text-end"
            >
              56.95
            </div>
          </div>
        </div>
      </app-product-calc>
      <button
        class="btn btn-primary float-end mt-4"
        disabled=""
      >
        Add to cart
      </button>
    </div>
  </div>
</app-product-detail>
`;

exports[`Product details Should show the spinner instead content until data is loaded: with spinner 1`] = `
<app-product-detail
  __ngContext__={[Function LRootView]}
  book={[Function Book]}
  catalog={[Function Object]}
  cdRef={[Function ViewRef]}
  paramsSub={[Function Subscriber]}
  route={[Function Object]}
>
  <div
    class="row"
  >
    <div
      class="col-md-8"
    >
      <app-product-info>
        <div
          class="card p-4"
        >
          <div
            class="row"
          >
            <div
              class="col-6"
            >
              <img
                alt="Apuntes de Javascript I - Nivel Intermedio"
                class="d-block mx-auto"
                src="https://jsbooks.revolunet.com/img/cover-apuntes-javascript-intermedio.png"
              />
            </div>
            <div
              class="col-6"
            >
              <span
                class="badge bg-info mb-3"
              >
                Intermediate
              </span>
              <h2>
                Apuntes de Javascript I - Nivel Intermedio
              </h2>
              <span
                class="text-secondary"
              >
                JuanMa Garrido
              </span>
              <p
                class="tags mt-3"
              >
                <span
                  class="badge bg-secondary"
                >
                   core 
                </span>
              </p>
            </div>
          </div>
          <div
            class="row mt-3"
          >
            <div
              class="col-6"
            >
              <p>
                 En Castellano) Revision de conceptos (actuales) de javascript desde basicos hasta un nivel intermedio 
              </p>
            </div>
          </div>
        </div>
      </app-product-info>
    </div>
    <div
      class="col-md-4 mb-5"
    >
      <app-product-calc>
        <div
          class="card product-calc p-4"
        >
          <div
            class="row"
          >
            <div
              class="col"
            >
              Price, $
            </div>
            <div
              class="col-4 text-end"
            >
              56.95
            </div>
          </div>
          <div
            class="row align-items-center"
          >
            <div
              class="col"
            >
              Count
            </div>
            <div
              class="col-4"
            >
              <input
                class="form-control form-control-sm"
                type="number"
              />
            </div>
          </div>
          <div
            class="row"
          >
            <div
              class="col"
            >
              <b>
                Total price, $
              </b>
            </div>
            <div
              class="col-4 text-end"
            >
              56.95
            </div>
          </div>
        </div>
      </app-product-calc>
      <button
        class="btn btn-primary float-end mt-4"
        disabled=""
      >
        Add to cart
      </button>
    </div>
  </div>
</app-product-detail>
`;
